Godot Engine v4.7.2.stable.official.ed1daf0bf - https://godotengine.org
Metal 4.0 - Forward+ - Using Device #0: Apple - Apple M5 Max (Apple9)

[I] 2477 [app] cursors: game cursors (17 registered)
[I] 2477 [app] match glue ready: bots=all player=Commander
APP_READY mode=match data_hash=29057E50
[I] 2554 [app] audio ready (driver Dummy)
[I] 4180 [ui] game screen entered: pid 0, 4 players
APPTEST_STRESS spawned=420 at_tick=300
APPTEST tick=4984 chain=83FD6393 checksum=332E0BB6 cmds=159 ui_cmds=0 refused=0
APPPERF {"avg_ms":8.34,"backend":{"backend":"nodes","created":496,"live":283,"parked":213,"reused":1},"draws_avg":772.0,"draws_max":833,"entities_max":493,"fps_avg":119.9,"frames":14638,"fx_meshes_live":5,"gpu_ms_avg":0.0,"gpu_ms_worst":0.0,"hitches_gt33ms":1,"label":"4p_high_default_192","mem_mb_end":417.0,"mem_mb_peak":417.4,"mem_mb_start":397.4,"model_sync_builds_in_match":0,"model_sync_last":"","model_sync_ms_in_match":0.0,"objects_max":20394,"p50_ms":8.29,"p95_ms":12.78,"p99_ms":15.2,"prims_max":1373634,"proc_avg_ms":13.76,"proc_p95_ms":18.84,"render_cpu_ms_avg":0.41,"sim_step_ms_avg":5.714,"sim_step_ms_avg_ewma":5.9,"sim_step_ms_worst":13.54,"sim_steps":4984,"ticks":4884,"vram_mb_peak":338.8,"worst_ms":48.23}
APPTEST_SUMMARY result=defeat winner_team=-1 duration_ticks=4984 players=4 samples=25
APPTEST_PLAYER pid=0 name=Commander ai=false level=0 team=1 built=114 lost=81 killed=80 structs=5/6 earned=3853 spent=11353 score=4992 apm=10 elim=true
APPTEST_PLAYER pid=1 name=Bot_1 ai=true level=1 team=2 built=114 lost=6 killed=5 structs=5/0 earned=4200 spent=11700 score=1410 apm=11 elim=false
APPTEST_PLAYER pid=2 name=Bot_2 ai=true level=1 team=3 built=112 lost=3 killed=2 structs=4/0 earned=2400 spent=9900 score=1140 apm=10 elim=false
APPTEST_PLAYER pid=3 name=Bot_3 ai=true level=1 team=4 built=113 lost=113 killed=64 structs=5/6 earned=3215 spent=10715 score=4000 apm=6 elim=true
APPTEST_AUDIO starts=1676 culls=3354 voices_now=14/0 voices_per_s=6.73 events_fed=142120 music_state=0
APPTEST_FX {"deduped":89,"events":14268,"gated":961,"handle_us":158903,"handled":10962,"ignored":3306,"spawns":8338,"unknown":0}
APPTEST_FX_IDS n=0 {}
APPTEST_END reason=defeat tick=4984
[I] 128797 [app] boot complete in 126739 ms (splash at 60 ms)
ERROR: 47 RID allocations of type 'N10RendererRD14TextureStorage7TextureE' were leaked at exit.
WARNING: 94 RIDs of type "Texture" were leaked.
   at: finalize (servers/rendering/rendering_device.cpp:8900)
ERROR: Parameter "RenderingServer::get_singleton()" is null.
   at: ~ImageTexture (scene/resources/image_texture.cpp:245)
ERROR: Parameter "RenderingServer::get_singleton()" is null.
   at: ~ImageTexture (scene/resources/image_texture.cpp:245)
ERROR: Parameter "RenderingServer::get_singleton()" is null.
   at: ~ImageTexture (scene/resources/image_texture.cpp:245)
ERROR: Parameter "RenderingServer::get_singleton()" is null.
   at: ~ImageTexture (scene/resources/image_texture.cpp:245)
ERROR: Parameter "RenderingServer::get_singleton()" is null.
   at: ~ImageTexture (scene/resources/image_texture.cpp:245)
ERROR: Parameter "RenderingServer::get_singleton()" is null.
   at: ~ImageTexture (scene/resources/image_texture.cpp:245)
ERROR: Parameter "RenderingServer::get_singleton()" is null.
   at: ~ImageTexture (scene/resources/image_texture.cpp:245)
ERROR: Parameter "RenderingServer::get_singleton()" is null.
   at: ~ImageTexture (scene/resources/image_texture.cpp:245)
ERROR: Parameter "RenderingServer::get_singleton()" is null.
   at: ~ImageTexture (scene/resources/image_texture.cpp:245)
ERROR: Parameter "RenderingServer::get_singleton()" is null.
   at: ~ImageTexture (scene/resources/image_texture.cpp:245)
ERROR: Parameter "RenderingServer::get_singleton()" is null.
   at: ~ImageTexture (scene/resources/image_texture.cpp:245)
ERROR: Parameter "RenderingServer::get_singleton()" is null.
   at: ~ImageTexture (scene/resources/image_texture.cpp:245)
ERROR: Parameter "RenderingServer::get_singleton()" is null.
   at: ~ImageTexture (scene/resources/image_texture.cpp:245)
ERROR: Parameter "RenderingServer::get_singleton()" is null.
   at: ~ImageTexture (scene/resources/image_texture.cpp:245)
ERROR: Parameter "RenderingServer::get_singleton()" is null.
   at: ~ImageTexture (scene/resources/image_texture.cpp:245)
ERROR: Parameter "RenderingServer::get_singleton()" is null.
   at: ~ImageTexture (scene/resources/image_texture.cpp:245)
ERROR: Parameter "RenderingServer::get_singleton()" is null.
   at: ~ImageTexture (scene/resources/image_texture.cpp:245)
WARNING: 7805 ObjectDB instances were leaked at exit (run with `--verbose` for details).
   at: cleanup (core/object/object.cpp:2536)
ERROR: 165 resources still in use at exit (run with --verbose for details).
   at: clear (core/io/resource.cpp:822)
