Godot Engine v4.7.2.stable.official.ed1daf0bf - https://godotengine.org
OpenGL API 4.1 Metal - 91.7 - Compatibility - Using Device: Apple - Apple M5 Max

[I] 2531 [app] cursors: game cursors (17 registered)
[I] 2531 [app] match glue ready: bots=all player=Commander
APP_READY mode=match data_hash=29057E50
[I] 2606 [app] audio ready (driver Dummy)
[I] 5930 [ui] game screen entered: pid 0, 8 players
APPTEST_STRESS spawned=416 at_tick=300
APPTEST tick=3600 chain=C9262488 checksum=5F5B3550 cmds=143 ui_cmds=0 refused=0
APPPERF {"avg_ms":7.0,"backend":{"backend":"nodes","created":549,"live":549,"parked":0,"reused":0},"draws_avg":841.0,"draws_max":873,"entities_max":549,"fps_avg":142.8,"frames":12496,"fx_meshes_live":0,"gpu_ms_avg":0.0,"gpu_ms_worst":0.0,"hitches_gt33ms":5,"label":"gl_compatibility_high","mem_mb_end":408.8,"mem_mb_peak":408.7,"mem_mb_start":387.5,"model_sync_builds_in_match":0,"model_sync_last":"","model_sync_ms_in_match":0.0,"objects_max":22740,"p50_ms":5.89,"p95_ms":12.39,"p99_ms":13.78,"prims_max":864203,"proc_avg_ms":16.25,"proc_p95_ms":17.77,"render_cpu_ms_avg":2.74,"sim_step_ms_avg":4.201,"sim_step_ms_avg_ewma":4.12,"sim_step_ms_worst":8.76,"sim_steps":3600,"ticks":3500,"vram_mb_peak":216.6,"worst_ms":162.6}
APPTEST_SUMMARY result=draw winner_team=-1 duration_ticks=3600 players=8 samples=19
APPTEST_PLAYER pid=0 name=Commander ai=false level=0 team=1 built=58 lost=0 killed=0 structs=4/0 earned=2400 spent=9865 score=120 apm=6 elim=false
APPTEST_PLAYER pid=1 name=Bot_1 ai=true level=1 team=2 built=58 lost=0 killed=0 structs=4/0 earned=1866 spent=9354 score=93 apm=6 elim=false
APPTEST_PLAYER pid=2 name=Bot_2 ai=true level=1 team=3 built=59 lost=0 killed=0 structs=4/0 earned=2088 spent=9490 score=104 apm=6 elim=false
APPTEST_PLAYER pid=3 name=Bot_3 ai=true level=1 team=4 built=59 lost=0 killed=0 structs=4/0 earned=2346 spent=9779 score=117 apm=6 elim=false
APPTEST_PLAYER pid=4 name=Bot_4 ai=true level=1 team=12 built=58 lost=0 killed=0 structs=4/0 earned=1800 spent=9300 score=90 apm=6 elim=false
APPTEST_PLAYER pid=5 name=Bot_5 ai=true level=1 team=13 built=59 lost=0 killed=0 structs=4/0 earned=1800 spent=9300 score=90 apm=5 elim=false
APPTEST_PLAYER pid=6 name=Bot_6 ai=true level=1 team=14 built=59 lost=0 killed=0 structs=4/0 earned=2178 spent=9551 score=108 apm=6 elim=false
APPTEST_PLAYER pid=7 name=Bot_7 ai=true level=1 team=15 built=58 lost=0 killed=0 structs=4/0 earned=2148 spent=9610 score=107 apm=6 elim=false
APPTEST_AUDIO starts=37 culls=2 voices_now=3/1 voices_per_s=0.21 events_fed=35860 music_state=2
APPTEST_FX {"deduped":0,"events":3687,"gated":0,"handle_us":2566,"handled":682,"ignored":3005,"spawns":42,"unknown":0}
APPTEST_FX_IDS n=0 {}
APPTEST_END reason=ticks tick=3600
[I] 95954 [app] boot complete in 93823 ms (splash at 52 ms)
ERROR: 47 RID allocations of type 'N5GLES37TextureE' were leaked at exit.
ERROR: Texture with GL ID of 34: leaked 5460 bytes.
   at: ~Utilities (drivers/gles3/storage/utilities.cpp:82)
ERROR: Texture with GL ID of 35: leaked 5460 bytes.
   at: ~Utilities (drivers/gles3/storage/utilities.cpp:82)
ERROR: Texture with GL ID of 36: leaked 5460 bytes.
   at: ~Utilities (drivers/gles3/storage/utilities.cpp:82)
ERROR: Texture with GL ID of 37: leaked 5460 bytes.
   at: ~Utilities (drivers/gles3/storage/utilities.cpp:82)
ERROR: Texture with GL ID of 38: leaked 5460 bytes.
   at: ~Utilities (drivers/gles3/storage/utilities.cpp:82)
ERROR: Texture with GL ID of 39: leaked 5460 bytes.
   at: ~Utilities (drivers/gles3/storage/utilities.cpp:82)
ERROR: Texture with GL ID of 40: leaked 5460 bytes.
   at: ~Utilities (drivers/gles3/storage/utilities.cpp:82)
ERROR: Texture with GL ID of 41: leaked 5460 bytes.
   at: ~Utilities (drivers/gles3/storage/utilities.cpp:82)
ERROR: Texture with GL ID of 42: leaked 5460 bytes.
   at: ~Utilities (drivers/gles3/storage/utilities.cpp:82)
ERROR: Texture with GL ID of 43: leaked 5460 bytes.
   at: ~Utilities (drivers/gles3/storage/utilities.cpp:82)
ERROR: Texture with GL ID of 44: leaked 5460 bytes.
   at: ~Utilities (drivers/gles3/storage/utilities.cpp:82)
ERROR: Texture with GL ID of 45: leaked 5460 bytes.
   at: ~Utilities (drivers/gles3/storage/utilities.cpp:82)
ERROR: Texture with GL ID of 46: leaked 5460 bytes.
   at: ~Utilities (drivers/gles3/storage/utilities.cpp:82)
ERROR: Texture with GL ID of 47: leaked 5460 bytes.
   at: ~Utilities (drivers/gles3/storage/utilities.cpp:82)
ERROR: Texture with GL ID of 48: leaked 5460 bytes.
   at: ~Utilities (drivers/gles3/storage/utilities.cpp:82)
ERROR: Texture with GL ID of 49: leaked 5460 bytes.
   at: ~Utilities (drivers/gles3/storage/utilities.cpp:82)
ERROR: Texture with GL ID of 50: leaked 5460 bytes.
   at: ~Utilities (drivers/gles3/storage/utilities.cpp:82)
ERROR: Texture with GL ID of 101: leaked 124148 bytes.
   at: ~Utilities (drivers/gles3/storage/utilities.cpp:82)
ERROR: Texture with GL ID of 102: leaked 124148 bytes.
   at: ~Utilities (drivers/gles3/storage/utilities.cpp:82)
ERROR: Texture with GL ID of 103: leaked 124148 bytes.
   at: ~Utilities (drivers/gles3/storage/utilities.cpp:82)
ERROR: Texture with GL ID of 104: leaked 124148 bytes.
   at: ~Utilities (drivers/gles3/storage/utilities.cpp:82)
ERROR: Texture with GL ID of 105: leaked 124148 bytes.
   at: ~Utilities (drivers/gles3/storage/utilities.cpp:82)
ERROR: Texture with GL ID of 106: leaked 124148 bytes.
   at: ~Utilities (drivers/gles3/storage/utilities.cpp:82)
ERROR: Texture with GL ID of 107: leaked 124148 bytes.
   at: ~Utilities (drivers/gles3/storage/utilities.cpp:82)
ERROR: Texture with GL ID of 108: leaked 124148 bytes.
   at: ~Utilities (drivers/gles3/storage/utilities.cpp:82)
ERROR: Texture with GL ID of 109: leaked 124148 bytes.
   at: ~Utilities (drivers/gles3/storage/utilities.cpp:82)
ERROR: Texture with GL ID of 110: leaked 124148 bytes.
   at: ~Utilities (drivers/gles3/storage/utilities.cpp:82)
ERROR: Texture with GL ID of 113: leaked 124148 bytes.
   at: ~Utilities (drivers/gles3/storage/utilities.cpp:82)
ERROR: Texture with GL ID of 114: leaked 124148 bytes.
   at: ~Utilities (drivers/gles3/storage/utilities.cpp:82)
ERROR: Texture with GL ID of 115: leaked 124148 bytes.
   at: ~Utilities (drivers/gles3/storage/utilities.cpp:82)
ERROR: Texture with GL ID of 116: leaked 124148 bytes.
   at: ~Utilities (drivers/gles3/storage/utilities.cpp:82)
ERROR: Texture with GL ID of 117: leaked 124148 bytes.
   at: ~Utilities (drivers/gles3/storage/utilities.cpp:82)
ERROR: Texture with GL ID of 118: leaked 124148 bytes.
   at: ~Utilities (drivers/gles3/storage/utilities.cpp:82)
ERROR: Texture with GL ID of 119: leaked 124148 bytes.
   at: ~Utilities (drivers/gles3/storage/utilities.cpp:82)
ERROR: Texture with GL ID of 120: leaked 124148 bytes.
   at: ~Utilities (drivers/gles3/storage/utilities.cpp:82)
ERROR: Texture with GL ID of 121: leaked 124148 bytes.
   at: ~Utilities (drivers/gles3/storage/utilities.cpp:82)
ERROR: Texture with GL ID of 122: leaked 124148 bytes.
   at: ~Utilities (drivers/gles3/storage/utilities.cpp:82)
ERROR: Texture with GL ID of 123: leaked 124148 bytes.
   at: ~Utilities (drivers/gles3/storage/utilities.cpp:82)
ERROR: Texture with GL ID of 124: leaked 124148 bytes.
   at: ~Utilities (drivers/gles3/storage/utilities.cpp:82)
ERROR: Texture with GL ID of 125: leaked 124148 bytes.
   at: ~Utilities (drivers/gles3/storage/utilities.cpp:82)
ERROR: Texture with GL ID of 126: leaked 124148 bytes.
   at: ~Utilities (drivers/gles3/storage/utilities.cpp:82)
ERROR: Texture with GL ID of 127: leaked 124148 bytes.
   at: ~Utilities (drivers/gles3/storage/utilities.cpp:82)
ERROR: Texture with GL ID of 128: leaked 124148 bytes.
   at: ~Utilities (drivers/gles3/storage/utilities.cpp:82)
ERROR: Texture with GL ID of 129: leaked 124148 bytes.
   at: ~Utilities (drivers/gles3/storage/utilities.cpp:82)
ERROR: Texture with GL ID of 130: leaked 124148 bytes.
   at: ~Utilities (drivers/gles3/storage/utilities.cpp:82)
ERROR: Texture with GL ID of 131: leaked 124148 bytes.
   at: ~Utilities (drivers/gles3/storage/utilities.cpp:82)
ERROR: Texture with GL ID of 132: leaked 124148 bytes.
   at: ~Utilities (drivers/gles3/storage/utilities.cpp:82)
ERROR: Parameter "RenderingServer::get_singleton()" is null.
   at: ~ImageTexture (scene/resources/image_texture.cpp:245)
ERROR: Parameter "RenderingServer::get_singleton()" is null.
   at: ~ImageTexture (scene/resources/image_texture.cpp:245)
ERROR: Parameter "RenderingServer::get_singleton()" is null.
   at: ~ImageTexture (scene/resources/image_texture.cpp:245)
ERROR: Parameter "RenderingServer::get_singleton()" is null.
   at: ~ImageTexture (scene/resources/image_texture.cpp:245)
ERROR: Parameter "RenderingServer::get_singleton()" is null.
   at: ~ImageTexture (scene/resources/image_texture.cpp:245)
ERROR: Parameter "RenderingServer::get_singleton()" is null.
   at: ~ImageTexture (scene/resources/image_texture.cpp:245)
ERROR: Parameter "RenderingServer::get_singleton()" is null.
   at: ~ImageTexture (scene/resources/image_texture.cpp:245)
ERROR: Parameter "RenderingServer::get_singleton()" is null.
   at: ~ImageTexture (scene/resources/image_texture.cpp:245)
ERROR: Parameter "RenderingServer::get_singleton()" is null.
   at: ~ImageTexture (scene/resources/image_texture.cpp:245)
ERROR: Parameter "RenderingServer::get_singleton()" is null.
   at: ~ImageTexture (scene/resources/image_texture.cpp:245)
ERROR: Parameter "RenderingServer::get_singleton()" is null.
   at: ~ImageTexture (scene/resources/image_texture.cpp:245)
ERROR: Parameter "RenderingServer::get_singleton()" is null.
   at: ~ImageTexture (scene/resources/image_texture.cpp:245)
ERROR: Parameter "RenderingServer::get_singleton()" is null.
   at: ~ImageTexture (scene/resources/image_texture.cpp:245)
ERROR: Parameter "RenderingServer::get_singleton()" is null.
   at: ~ImageTexture (scene/resources/image_texture.cpp:245)
ERROR: Parameter "RenderingServer::get_singleton()" is null.
   at: ~ImageTexture (scene/resources/image_texture.cpp:245)
ERROR: Parameter "RenderingServer::get_singleton()" is null.
   at: ~ImageTexture (scene/resources/image_texture.cpp:245)
ERROR: Parameter "RenderingServer::get_singleton()" is null.
   at: ~ImageTexture (scene/resources/image_texture.cpp:245)
WARNING: 9699 ObjectDB instances were leaked at exit (run with `--verbose` for details).
   at: cleanup (core/object/object.cpp:2536)
ERROR: 165 resources still in use at exit (run with --verbose for details).
   at: clear (core/io/resource.cpp:822)
