[I] 2441 [app] cursors: system cursors (1 registered)
[I] 2441 [app] match glue ready: bots= player=Commander
APP_READY mode=match data_hash=29057E50
[I] 2519 [app] audio ready (driver Dummy)
APPTEST tick=36000 chain=752562A0 checksum=E827B0F0 cmds=3310 ui_cmds=0 refused=0
APPPERF {"avg_ms":92.51,"backend":{"backend":"nodes","created":463,"live":365,"parked":98,"reused":213},"draws_avg":0.0,"draws_max":0,"entities_max":366,"fps_avg":10.8,"frames":1125,"fx_meshes_live":1,"gpu_ms_avg":0.0,"gpu_ms_worst":0.0,"hitches_gt33ms":1018,"label":"soak_fx","mem_mb_end":489.8,"mem_mb_peak":489.8,"mem_mb_start":461.8,"model_sync_builds_in_match":17,"model_sync_last":"proj.rocket@napc#10000","model_sync_ms_in_match":23.4,"objects_max":20555,"p50_ms":102.33,"p95_ms":132.55,"p99_ms":142.98,"prims_max":0,"proc_avg_ms":102.9,"proc_p95_ms":140.97,"render_cpu_ms_avg":0.0,"sim_step_ms_avg":2.432,"sim_step_ms_avg_ewma":2.44,"sim_step_ms_worst":12.02,"sim_steps":36000,"ticks":35936,"vram_mb_peak":0.0,"worst_ms":175.27}
APPTEST_SUMMARY result=observed winner_team=-1 duration_ticks=36000 players=8 samples=181
APPTEST_PLAYER pid=0 name=Bot_0 ai=true level=1 team=1 built=55 lost=28 killed=39 structs=23/2 earned=58587 spent=66087 score=5269 apm=16 elim=false
APPTEST_PLAYER pid=1 name=Bot_1 ai=true level=1 team=2 built=59 lost=36 killed=42 structs=25/0 earned=60059 spent=66965 score=5522 apm=15 elim=false
APPTEST_PLAYER pid=2 name=Bot_2 ai=true level=1 team=3 built=53 lost=37 killed=37 structs=19/2 earned=46903 spent=54403 score=4665 apm=13 elim=false
APPTEST_PLAYER pid=3 name=Bot_3 ai=true level=1 team=4 built=54 lost=38 killed=32 structs=24/1 earned=57600 spent=65000 score=5300 apm=15 elim=false
APPTEST_PLAYER pid=4 name=Bot_4 ai=true level=1 team=12 built=54 lost=48 killed=36 structs=20/0 earned=55240 spent=61980 score=5422 apm=14 elim=false
APPTEST_PLAYER pid=5 name=Bot_5 ai=true level=1 team=13 built=14 lost=11 killed=13 structs=12/1 earned=12057 spent=19557 score=1382 apm=4 elim=false
APPTEST_PLAYER pid=6 name=Bot_6 ai=true level=1 team=14 built=56 lost=24 killed=20 structs=23/0 earned=59679 spent=67158 score=4483 apm=16 elim=false
APPTEST_PLAYER pid=7 name=Bot_7 ai=true level=1 team=15 built=58 lost=34 killed=26 structs=29/0 earned=59400 spent=66900 score=4530 apm=13 elim=false
APPTEST_AUDIO starts=955 culls=2185 voices_now=15/1 voices_per_s=0.53 events_fed=486500 music_state=0
APPTEST_FX {"deduped":46,"events":85596,"gated":0,"handle_us":143520,"handled":12646,"ignored":72950,"spawns":14247,"unknown":0}
APPTEST_FX_IDS n=56 {"aircraft_impact":21,"build_complete":175,"build_dust":175,"building_collapse":5,"capture_flash":24,"collapse_secondary":1,"credit_sparkle":725,"damage_fire":1309,"damage_smoke":2004,"death_infantry":167,"death_secondary":11,"death_silent":7,"death_vehicle_heavy":13,"death_vehicle_light":19,"death_vehicle_medium":25,"exit_dust":354,"expl_air_burst":1,"expl_large":5,"expl_medium":426,"expl_small":641,"hit_armor":943,"hit_bullet":78,"hit_bullet_structure":252,"hit_flak_small":71,"hit_infantry":908,"hit_rail":18,"muzzle_aa_missile":3,"muzzle_artillery":48,"muzzle_at_missile":208,"muzzle_beam_thermal":14,"muzzle_cannon":535,"muzzle_demolition":1,"muzzle_flak":33,"muzzle_mg":323,"muzzle_mortar":19,"muzzle_rail":18,"muzzle_rocket":287,"muzzle_siege":8,"muzzle_small_arms":1851,"power_aura_defense":18,"power_cast_ring":52,"repair_pulse":160,"summon_arrive":33,"sw_charge_dome":1,"sw_horizon_impact":3,"sw_horizon_pre":1,"sw_microwave_dome":1,"sw_warning_marker":12,"tr_mg":323,"tr_rail":18,"tr_small":1851,"unload_puff":8,"vehicle_dust":20,"zone_debris_burst":3,"zone_reveal_burst":16,"zone_smoke_burst":1}
APPTEST_END reason=ticks tick=36000
[I] 109465 [app] boot complete in 107416 ms (splash at 18 ms)
WARNING: 430 ObjectDB instances were leaked at exit (run with `--verbose` for details).
   at: cleanup (core/object/object.cpp:2536)
